### run python file in terminal -   python3 test.py
***git status
git add * 
or git filename
git commit -m "message"
git push

sailajamohanty@Mac project_cryptography_security % echo "# project_cryptography_security" >> README.md
git init
git add README.md
git commit -m "first commit"
git branch -M main
git remote add origin git@github.com:mohantysailaja/project_cryptography_security.git
git push -u origin main
hint: Using 'master' as the name for the initial branch. This default branch name
hint: is subject to change. To configure the initial branch name to use in all
hint: of your new repositories, which will suppress this warning, call:
hint: 
hint:   git config --global init.defaultBranch <name>
hint: 
hint: Names commonly chosen instead of 'master' are 'main', 'trunk' and
hint: 'development'. The just-created branch can be renamed via this command:
hint: 
hint:   git branch -m <name>
Initialized empty Git repository in /Users/sailajamohanty/project_cryptography_security/.git/
[master (root-commit) 2b187a1] first commit
 Committer: Sailaja Mohanty <sailajamohanty@Mac.fritz.box>
Your name and email address were configured automatically based
on your username and hostname. Please check that they are accurate.
You can suppress this message by setting them explicitly:

    git config --global user.name "Your Name"
    git config --global user.email you@example.com

After doing this, you may fix the identity used for this commit with:

    git commit --amend --reset-author

 1 file changed, 1 insertion(+)
 create mode 100644 README.md
Enumerating objects: 3, done.
Counting objects: 100% (3/3), done.
Writing objects: 100% (3/3), 253 bytes | 253.00 KiB/s, done.
Total 3 (delta 0), reused 0 (delta 0), pack-reused 0
To github.com:mohantysailaja/project_cryptography_security.git
 * [new branch]      main -> main
branch 'main' set up to track 'origin/main'.
sailajamohanty@Mac project_cryptography_security % git status
On branch main
Your branch is up to date with 'origin/main'.

Untracked files:
  (use "git add <file>..." to include in what will be committed)
        notes.txt
        test.py

nothing added to commit but untracked files present (use "git add" to track)
sailajamohanty@Mac project_cryptography_security % git commit -m "new  file  added"
On branch main
Your branch is up to date with 'origin/main'.

Untracked files:
  (use "git add <file>..." to include in what will be committed)
        notes.txt
        test.py

nothing added to commit but untracked files present (use "git add" to track)
sailajamohanty@Mac project_cryptography_security % git add *
sailajamohanty@Mac project_cryptography_security % git commit -m "new  file  added"
[main 17b676c] new  file  added
 Committer: Sailaja Mohanty <sailajamohanty@Mac.fritz.box>
Your name and email address were configured automatically based
on your username and hostname. Please check that they are accurate.
You can suppress this message by setting them explicitly:

    git config --global user.name "Your Name"
    git config --global user.email you@example.com

After doing this, you may fix the identity used for this commit with:

    git commit --amend --reset-author

 2 files changed, 2 insertions(+)
 create mode 100644 notes.txt
 create mode 100644 test.py
sailajamohanty@Mac project_cryptography_security % git status
On branch main
Your branch is ahead of 'origin/main' by 1 commit.
  (use "git push" to publish your local commits)

nothing to commit, working tree clean
sailajamohanty@Mac project_cryptography_security % git status                                         
On branch main
Your branch is ahead of 'origin/main' by 1 commit.
  (use "git push" to publish your local commits)

nothing to commit, working tree clean
sailajamohanty@Mac project_cryptography_security % git push -u origin main
Enumerating objects: 5, done.
Counting objects: 100% (5/5), done.
Delta compression using up to 10 threads
Compressing objects: 100% (3/3), done.
Writing objects: 100% (4/4), 396 bytes | 396.00 KiB/s, done.
Total 4 (delta 0), reused 0 (delta 0), pack-reused 0
To github.com:mohantysailaja/project_cryptography_security.git
   2b187a1..17b676c  main -> main
branch 'main' set up to track 'origin/main'.
sailajamohanty@Mac project_cryptography_security % python3 test.py                                    
Hello, World!
sailajamohanty@Mac project_cryptography_security % python3 test.py
Hello, World!
sailajamohanty@Mac project_cryptography_security % python3 test.py
Hello, World!
sailajamohanty@Mac project_cryptography_security % python3 test.py
Hello, World!
sailajamohanty@Mac project_cryptography_security % python3 test.py
Hello, World!
sailajamohanty@Mac project_cryptography_security % python3 test.py
Hello, World!
<class 'tuple'>
sailajamohanty@Mac project_cryptography_security % git status     
On branch main
Your branch is up to date with 'origin/main'.

Changes not staged for commit:
  (use "git add <file>..." to update what will be committed)
  (use "git restore <file>..." to discard changes in working directory)
        modified:   test.py

no changes added to commit (use "git add" and/or "git commit -a")
sailajamohanty@Mac project_cryptography_security % git add test.py
sailajamohanty@Mac project_cryptography_security % git commit -m "type of name"
[main 3b29f6b] type of name
 Committer: Sailaja Mohanty <sailajamohanty@Mac.fritz.box>
Your name and email address were configured automatically based
on your username and hostname. Please check that they are accurate.
You can suppress this message by setting them explicitly:

    git config --global user.name "Your Name"
    git config --global user.email you@example.com

After doing this, you may fix the identity used for this commit with:

    git commit --amend --reset-author

 1 file changed, 3 insertions(+), 1 deletion(-)
sailajamohanty@Mac project_cryptography_security % git commit
On branch main
Your branch is ahead of 'origin/main' by 1 commit.
  (use "git push" to publish your local commits)

nothing to commit, working tree clean
sailajamohanty@Mac project_cryptography_security % git status
On branch main
Your branch is ahead of 'origin/main' by 1 commit.
  (use "git push" to publish your local commits)

nothing to commit, working tree clean
sailajamohanty@Mac project_cryptography_security % git add *
sailajamohanty@Mac project_cryptography_security % git commit -m "some changes made"
[main b103cfd] some changes made
 Committer: Sailaja Mohanty <sailajamohanty@Mac.fritz.box>
Your name and email address were configured automatically based
on your username and hostname. Please check that they are accurate.
You can suppress this message by setting them explicitly:

    git config --global user.name "Your Name"
    git config --global user.email you@example.com

After doing this, you may fix the identity used for this commit with:

    git commit --amend --reset-author

 1 file changed, 6 insertions(+), 1 deletion(-)
sailajamohanty@Mac project_cryptography_security % git push
Enumerating objects: 9, done.
Counting objects: 100% (9/9), done.
Delta compression using up to 10 threads
Compressing objects: 100% (6/6), done.
Writing objects: 100% (6/6), 705 bytes | 705.00 KiB/s, done.
Total 6 (delta 1), reused 0 (delta 0), pack-reused 0
remote: Resolving deltas: 100% (1/1), completed with 1 local object.
To github.com:mohantysailaja/project_cryptography_security.git
   17b676c..b103cfd  main -> main
sailajamohanty@Mac project_cryptography_security % 



